base referer
rect $d7/deb/classqshared__ptr.html 345,10 558,37
rect $d7/deb/classqshared__ptr.html 333,74 570,101
rect $d7/deb/classqshared__ptr.html 346,138 557,165
rect $d7/deb/classqshared__ptr.html 337,202 566,229
rect $d7/deb/classqshared__ptr.html 349,266 554,293
rect $d7/deb/classqshared__ptr.html 349,330 554,357
rect $d7/deb/classqshared__ptr.html 358,394 545,421
rect $d7/deb/classqshared__ptr.html 363,458 539,485
rect $d7/deb/classqshared__ptr.html 330,522 573,549
rect $d7/deb/classqshared__ptr.html 346,586 557,613
rect $d7/deb/classqshared__ptr.html 350,650 553,677
rect $d7/deb/classqshared__ptr.html 379,714 523,741
rect $d7/deb/classqshared__ptr.html 362,778 541,805
rect $d7/deb/classqshared__ptr.html 367,842 535,869
rect $d7/deb/classqshared__ptr.html 371,906 531,933
rect $d7/deb/classqshared__ptr.html 343,970 559,997
rect $d7/deb/classqshared__ptr.html 350,1034 553,1061
rect $d7/deb/classqshared__ptr.html 366,1098 537,1125
rect $d7/deb/classqshared__ptr.html 371,1162 531,1189
