<area shape="rect" id="node2" href="$dd/d83/class_x_node.html" title="XNode" alt="" coords="2169,132,2233,161">
<area shape="rect" id="node4" href="$d6/dbd/class_x_talker.html" title="XTalker\&lt; shared_ptr\&lt; XNode \&gt; \&gt;" alt="" coords="1639,119,1879,148">
<area shape="rect" id="node19" href="$d6/dbd/class_x_talker.html" title="XTalker\&lt; tArg \&gt;" alt="" coords="1259,285,1384,315">
<area shape="rect" id="node37" href="$d6/dbd/class_x_talker.html" title="XTalker\&lt; shared_ptr\&lt; XInterface \&gt; \&gt;" alt="" coords="1627,288,1891,317">
<area shape="rect" id="node10" href="$da/dad/classatomic__shared__ptr.html" title="atomic_shared_ptr\&lt; bool \&gt;" alt="" coords="292,277,489,307">
<area shape="rect" id="node12" href="$da/dad/classatomic__shared__ptr.html" title="atomic_shared_ptr\&lt; T \&gt;" alt="" coords="5,207,184,236">
<area shape="rect" id="node16" href="$da/dad/classatomic__shared__ptr.html" title="atomic_shared_ptr\&lt; ListenerList \&gt;" alt="" coords="892,168,1135,197">
<area shape="rect" id="node42" href="$d2/db1/class_x_recursive_mutex.html" title="recursive mutex." alt="" coords="2136,351,2267,380">
<area shape="rect" id="node44" href="$d1/d2b/class_x_pthread_mutex.html" title="XPthreadMutex" alt="" coords="1699,351,1819,380">
