<area shape="rect" id="node2" href="$dc/d53/class_x_alias_list_node.html" title="XAliasListNode\&lt; XRubyThread \&gt;" alt="" coords="3013,157,3245,187">
<area shape="rect" id="node39" href="$dc/d53/class_x_alias_list_node.html" title="creation by UI is not allowed." alt="" coords="2620,116,2783,145">
<area shape="rect" id="node6" href="$dd/d83/class_x_node.html" title="XNode" alt="" coords="2211,117,2275,147">
<area shape="rect" id="node8" href="$d6/dbd/class_x_talker.html" title="XTalker\&lt; shared_ptr\&lt; XNode \&gt; \&gt;" alt="" coords="1687,164,1927,193">
<area shape="rect" id="node23" href="$d6/dbd/class_x_talker.html" title="XTalker\&lt; tArg \&gt;" alt="" coords="1259,265,1384,295">
<area shape="rect" id="node33" href="$d6/dbd/class_x_talker.html" title="XTalker\&lt; shared_ptr\&lt; XListNodeBase \&gt; \&gt;" alt="" coords="1659,277,1955,307">
<area shape="rect" id="node14" href="$da/dad/classatomic__shared__ptr.html" title="atomic_shared_ptr\&lt; bool \&gt;" alt="" coords="292,153,489,183">
<area shape="rect" id="node16" href="$da/dad/classatomic__shared__ptr.html" title="atomic_shared_ptr\&lt; T \&gt;" alt="" coords="5,221,184,251">
<area shape="rect" id="node20" href="$da/dad/classatomic__shared__ptr.html" title="atomic_shared_ptr\&lt; ListenerList \&gt;" alt="" coords="892,264,1135,293">
<area shape="rect" id="node45" href="$dd/d1b/class_x_thread.html" title="XThread\&lt; XRuby \&gt;" alt="" coords="3056,276,3203,305">
<area shape="rect" id="node51" href="$dd/d1b/class_x_thread.html" title="create a new thread." alt="" coords="2645,271,2757,300">
