<area shape="rect" id="node4" href="$d1/d87/class_x_driver.html" title="Base class for all instrument drivers." alt="" coords="2516,224,2585,253">
<area shape="rect" id="node6" href="$dd/d83/class_x_node.html" title="XNode" alt="" coords="2076,168,2140,197">
<area shape="rect" id="node8" href="$d6/dbd/class_x_talker.html" title="XTalker\&lt; shared_ptr\&lt; XNode \&gt; \&gt;" alt="" coords="1613,121,1853,151">
<area shape="rect" id="node23" href="$d6/dbd/class_x_talker.html" title="XTalker\&lt; tArg \&gt;" alt="" coords="1259,240,1384,269">
<area shape="rect" id="node33" href="$d6/dbd/class_x_talker.html" title="XTalker\&lt; shared_ptr\&lt; XDriver \&gt; \&gt;" alt="" coords="1611,235,1856,264">
<area shape="rect" id="node14" href="$da/dad/classatomic__shared__ptr.html" title="atomic_shared_ptr\&lt; bool \&gt;" alt="" coords="292,237,489,267">
<area shape="rect" id="node16" href="$da/dad/classatomic__shared__ptr.html" title="atomic_shared_ptr\&lt; T \&gt;" alt="" coords="5,167,184,196">
<area shape="rect" id="node20" href="$da/dad/classatomic__shared__ptr.html" title="atomic_shared_ptr\&lt; ListenerList \&gt;" alt="" coords="892,128,1135,157">
<area shape="rect" id="node40" href="$d6/df8/class_x_recursive_r_w_lock.html" title="XRecursiveRWLock" alt="" coords="2039,340,2177,369">
<area shape="rect" id="node42" href="$d6/d9b/class_x_thread_local.html" title="XThreadLocal\&lt; std::vector\&lt; char \&gt; \&gt;" alt="" coords="2419,143,2683,172">
<area shape="rect" id="node44" href="$d6/d9b/class_x_thread_local.html" title="XThreadLocal\&lt; T \&gt;" alt="" coords="2036,115,2180,144">
<area shape="rect" id="node62" href="$d2/db1/class_x_recursive_mutex.html" title="recursive mutex." alt="" coords="2981,1135,3112,1164">
<area shape="rect" id="node64" href="$d1/d2b/class_x_pthread_mutex.html" title="XPthreadMutex" alt="" coords="2491,1135,2611,1164">
