<area shape="rect" id="node2" href="$d3/d5b/class_x_secondary_driver.html" title="Base class for all instrument drivers." alt="" coords="3424,312,3560,341">
<area shape="rect" id="node4" href="$d1/d87/class_x_driver.html" title="Base class for all instrument drivers." alt="" coords="2697,160,2767,189">
<area shape="rect" id="node6" href="$dd/d83/class_x_node.html" title="XNode" alt="" coords="2076,223,2140,252">
<area shape="rect" id="node8" href="$d6/dbd/class_x_talker.html" title="XTalker\&lt; shared_ptr\&lt; XNode \&gt; \&gt;" alt="" coords="1613,212,1853,241">
<area shape="rect" id="node23" href="$d6/dbd/class_x_talker.html" title="XTalker\&lt; tArg \&gt;" alt="" coords="1259,204,1384,233">
<area shape="rect" id="node33" href="$d6/dbd/class_x_talker.html" title="XTalker\&lt; shared_ptr\&lt; XDriver \&gt; \&gt;" alt="" coords="1611,127,1856,156">
<area shape="rect" id="node14" href="$da/dad/classatomic__shared__ptr.html" title="atomic_shared_ptr\&lt; bool \&gt;" alt="" coords="292,196,489,225">
<area shape="rect" id="node16" href="$da/dad/classatomic__shared__ptr.html" title="atomic_shared_ptr\&lt; T \&gt;" alt="" coords="5,125,184,155">
<area shape="rect" id="node20" href="$da/dad/classatomic__shared__ptr.html" title="atomic_shared_ptr\&lt; ListenerList \&gt;" alt="" coords="892,87,1135,116">
<area shape="rect" id="node40" href="$d6/df8/class_x_recursive_r_w_lock.html" title="XRecursiveRWLock" alt="" coords="2039,276,2177,305">
<area shape="rect" id="node46" href="$db/d03/class_x_r_w_lock.html" title="recursive (readLock() only) read&#45;write lock" alt="" coords="2692,323,2772,352">
