<area shape="rect" id="node5" href="$d6/dbd/class_x_talker.html" title="XTalker\&lt; shared_ptr\&lt; XNIDAQmxInterface::SoftwareTrigger \&gt; \&gt;" alt="" coords="704,23,1136,52">
<area shape="rect" id="node7" href="$d6/dbd/class_x_talker.html" title="XTalker\&lt; shared_ptr\&lt; XString \&gt; \&gt;" alt="" coords="797,76,1043,105">
<area shape="rect" id="node9" href="$d6/dbd/class_x_talker.html" title="XTalker\&lt; shared_ptr\&lt; XDriver \&gt; \&gt;" alt="" coords="797,129,1043,159">
<area shape="rect" id="node11" href="$d6/dbd/class_x_talker.html" title="XTalker\&lt; shared_ptr\&lt; XRuby::tCreateChild \&gt; \&gt;" alt="" coords="757,183,1083,212">
<area shape="rect" id="node13" href="$d6/dbd/class_x_talker.html" title="XTalker\&lt; shared_ptr\&lt; XItemNodeBase \&gt; \&gt;" alt="" coords="769,236,1071,265">
<area shape="rect" id="node15" href="$d6/dbd/class_x_talker.html" title="XTalker\&lt; shared_ptr\&lt; XInterface \&gt; \&gt;" alt="" coords="788,289,1052,319">
<area shape="rect" id="node17" href="$d6/dbd/class_x_talker.html" title="XTalker\&lt; shared_ptr\&lt; XGraph \&gt; \&gt;" alt="" coords="797,343,1043,372">
<area shape="rect" id="node19" href="$d6/dbd/class_x_talker.html" title="XTalker\&lt; XListNodeBase::MoveEvent \&gt;" alt="" coords="783,396,1057,425">
<area shape="rect" id="node21" href="$d6/dbd/class_x_talker.html" title="XTalker\&lt; XStatusPrinter::tstatus \&gt;" alt="" coords="797,449,1043,479">
<area shape="rect" id="node23" href="$d6/dbd/class_x_talker.html" title="XTalker\&lt; shared_ptr\&lt; XNode \&gt; \&gt;" alt="" coords="800,503,1040,532">
<area shape="rect" id="node25" href="$d6/dbd/class_x_talker.html" title="XTalker\&lt; bool \&gt;" alt="" coords="857,556,983,585">
<area shape="rect" id="node27" href="$d6/dbd/class_x_talker.html" title="XTalker\&lt; shared_ptr\&lt; XListNodeBase \&gt; \&gt;" alt="" coords="772,609,1068,639">
<area shape="rect" id="node29" href="$d6/dbd/class_x_talker.html" title="XTalker\&lt; shared_ptr\&lt; XValueNodeBase \&gt; \&gt;" alt="" coords="767,663,1073,692">
