<area shape="rect" id="node2" href="$dd/d83/class_x_node.html" title="XNode" alt="" coords="2091,71,2155,100">
<area shape="rect" id="node4" href="$d6/dbd/class_x_talker.html" title="XTalker\&lt; shared_ptr\&lt; XNode \&gt; \&gt;" alt="" coords="1613,125,1853,155">
<area shape="rect" id="node19" href="$d6/dbd/class_x_talker.html" title="XTalker\&lt; tArg \&gt;" alt="" coords="1259,243,1384,272">
<area shape="rect" id="node38" href="$d6/dbd/class_x_talker.html" title="XTalker\&lt; shared_ptr\&lt; XString \&gt; \&gt;" alt="" coords="1611,228,1856,257">
<area shape="rect" id="node10" href="$da/dad/classatomic__shared__ptr.html" title="atomic_shared_ptr\&lt; bool \&gt;" alt="" coords="292,240,489,269">
<area shape="rect" id="node12" href="$da/dad/classatomic__shared__ptr.html" title="atomic_shared_ptr\&lt; T \&gt;" alt="" coords="5,169,184,199">
<area shape="rect" id="node16" href="$da/dad/classatomic__shared__ptr.html" title="atomic_shared_ptr\&lt; ListenerList \&gt;" alt="" coords="892,131,1135,160">
<area shape="rect" id="node29" href="$d1/d2b/class_x_pthread_mutex.html" title="XPthreadMutex" alt="" coords="2063,133,2183,163">
