<area shape="rect" id="node3" href="$da/dad/classatomic__shared__ptr.html" title="atomic_shared_ptr\&lt; std::pair\&lt; XString, int \&gt; \&gt;" alt="" coords="836,36,1161,65">
<area shape="rect" id="node5" href="$da/dad/classatomic__shared__ptr.html" title="atomic_shared_ptr\&lt; long \&gt;" alt="" coords="900,89,1097,119">
<area shape="rect" id="node7" href="$da/dad/classatomic__shared__ptr.html" title="atomic_shared_ptr\&lt; unsigned long \&gt;" alt="" coords="869,143,1128,172">
<area shape="rect" id="node9" href="$da/dad/classatomic__shared__ptr.html" title="atomic_shared_ptr\&lt; std::deque\&lt; shared_ptr\&lt; XNIDAQmxInterface::SoftwareTrigger \&gt; \&gt; \&gt;" alt="" coords="697,196,1300,225">
<area shape="rect" id="node11" href="$da/dad/classatomic__shared__ptr.html" title="atomic_shared_ptr\&lt; double \&gt;" alt="" coords="892,249,1105,279">
<area shape="rect" id="node13" href="$da/dad/classatomic__shared__ptr.html" title="atomic_shared_ptr\&lt; Transactional::Data \&gt;" alt="" coords="852,303,1145,332">
<area shape="rect" id="node15" href="$da/dad/classatomic__shared__ptr.html" title="atomic_shared_ptr\&lt; XListener::FLAGS \&gt;" alt="" coords="857,356,1140,385">
<area shape="rect" id="node17" href="$da/dad/classatomic__shared__ptr.html" title="atomic_shared_ptr\&lt; ListenerList \&gt;" alt="" coords="877,409,1120,439">
<area shape="rect" id="node19" href="$da/dad/classatomic__shared__ptr.html" title="atomic_shared_ptr\&lt; int \&gt;" alt="" coords="905,463,1092,492">
<area shape="rect" id="node21" href="$da/dad/classatomic__shared__ptr.html" title="atomic_shared_ptr\&lt; unsigned int \&gt;" alt="" coords="875,516,1123,545">
<area shape="rect" id="node23" href="$da/dad/classatomic__shared__ptr.html" title="atomic_shared_ptr\&lt; CSplineApprox \&gt;" alt="" coords="867,569,1131,599">
<area shape="rect" id="node25" href="$da/dad/classatomic__shared__ptr.html" title="atomic_shared_ptr\&lt; std::deque\&lt; shared_ptr\&lt; XNode \&gt; \&gt; \&gt;" alt="" coords="793,623,1204,652">
<area shape="rect" id="node27" href="$da/dad/classatomic__shared__ptr.html" title="atomic_shared_ptr\&lt; Monitor::Passage \&gt;" alt="" coords="859,676,1139,705">
<area shape="rect" id="node29" href="$da/dad/classatomic__shared__ptr.html" title="atomic_shared_ptr\&lt; weak_ptr\&lt; XNode \&gt; \&gt;" alt="" coords="848,729,1149,759">
<area shape="rect" id="node31" href="$da/dad/classatomic__shared__ptr.html" title="atomic_shared_ptr\&lt; XString \&gt;" alt="" coords="889,783,1108,812">
<area shape="rect" id="node33" href="$da/dad/classatomic__shared__ptr.html" title="atomic_shared_ptr\&lt; Data \&gt;" alt="" coords="897,836,1100,865">
<area shape="rect" id="node35" href="$da/dad/classatomic__shared__ptr.html" title="atomic_shared_ptr\&lt; bool \&gt;" alt="" coords="900,889,1097,919">
<area shape="rect" id="node37" href="$da/dad/classatomic__shared__ptr.html" title="atomic_shared_ptr\&lt; std::deque\&lt; weak_ptr\&lt; Monitor \&gt; \&gt; \&gt;" alt="" coords="797,943,1200,972">
<area shape="rect" id="node39" href="$da/dad/classatomic__shared__ptr.html" title="atomic_shared_ptr\&lt; std::deque\&lt; XString \&gt; \&gt;" alt="" coords="840,996,1157,1025">
