<area shape="rect" id="node3" href="dir_7ae8a3dc42287db12d40cf6d36c84d41.html" title="charinterface" alt="" coords="1531,37,1635,85">
<area shape="rect" id="node4" href="dir_3cba971f7ee89069ae8d8a28153c7ce7.html" title="dcsource" alt="" coords="1427,37,1507,85">
<area shape="rect" id="node5" href="dir_ab0369bf545d243216d0ce8264152f57.html" title="dmm" alt="" coords="1331,37,1403,85">
<area shape="rect" id="node6" href="dir_a14d7227e3e9527f24aea6019a76e553.html" title="dso" alt="" coords="1235,37,1307,85">
<area shape="rect" id="node7" href="dir_0fa116a48b844b682c0ea78d0485153c.html" title="funcsynth" alt="" coords="1128,37,1211,85">
<area shape="rect" id="node8" href="dir_acc8111c4ac44510c01c560329d9a3fa.html" title="levelmeter" alt="" coords="1016,37,1104,85">
<area shape="rect" id="node9" href="dir_28b4e7e21d0d3692d6beb43d7c7beed6.html" title="lia" alt="" coords="920,37,992,85">
<area shape="rect" id="node10" href="dir_3b63f2a09a96c6b4eade833be596abcd.html" title="magnetps" alt="" coords="811,37,896,85">
<area shape="rect" id="node11" href="dir_0bae6386c01329dd12fe01d31da30e7c.html" title="montecarlo" alt="" coords="693,37,787,85">
<area shape="rect" id="node12" href="dir_9e3ba5ff6339bbe821b2cd610d50f09c.html" title="networkanalyzer" alt="" coords="544,37,669,85">
<area shape="rect" id="node13" href="dir_ae7d832dc5e3e345607cf8a557d323cf.html" title="nidaq" alt="" coords="448,37,520,85">
<area shape="rect" id="node14" href="dir_d316f33bce537c0d936d3d08aa8abe38.html" title="nmr" alt="" coords="352,37,424,85">
<area shape="rect" id="node15" href="dir_174dad252b614c6b6eee492ff629fd37.html" title="sg" alt="" coords="256,37,328,85">
<area shape="rect" id="node16" href="dir_dbb97ea5a007984ca2ece2c892349e15.html" title="tempcontrol" alt="" coords="133,37,232,85">
<area shape="rect" id="node17" href="dir_86da3656e0adf6d7ad58012498ac4b5e.html" title="testdriver" alt="" coords="27,37,109,85">
<area shape="rect" id="graph2" href="dir_341a1496e1a426e93496b3f72f61acdc.html" alt="" coords="16,16,1744,96">
