base referer
rect $class_x_q_connector.html 8,261 112,288
rect $class_x_con_cal_table.html 232,58 338,85
rect $class_x_list_q_connector.html 222,109 348,136
rect $class_x_q_button_connector.html 213,160 357,186
rect $class_x_q_graph_dialog_connector.html 196,210 374,237
rect $class_x_q_graph_painter.html 224,261 346,288
rect $class_x_q_pulser_driver_connector.html 196,312 374,338
rect $class_x_raw_stream_record_reader_connector.html 161,362 409,389
rect $class_x_ruby_thread_connector.html 201,413 369,440
rect $class_x_value_q_connector.html 217,514 353,541
rect $class_x_driver_list_connector.html 485,8 634,34
rect $class_x_entry_list_connector.html 486,58 633,85
rect $class_x_graph_list_connector.html 484,109 636,136
rect $class_x_interface_list_connector.html 477,160 642,186
rect $class_x_item_q_connector.html 494,210 625,237
rect $class_x_k_color_button_connector.html 473,261 646,288
rect $class_x_k_color_combo_connector.html 472,312 648,338
rect $class_x_k_double_num_input_connector.html 458,362 661,389
rect $class_x_k_double_spin_box_connector.html 462,413 657,440
rect $class_x_k_int_num_input_connector.html 472,464 648,490
rect $class_x_k_led_connector.html 498,514 621,541
rect $class_x_k_u_r_l_req_connector.html 484,565 636,592
rect $class_x_q_label_connector.html 492,616 628,642
rect $class_x_q_l_c_d_number_connector.html 472,666 648,693
rect $class_x_q_line_edit_connector.html 484,717 636,744
rect $class_x_q_spin_box_connector.html 482,768 637,794
rect $class_x_q_text_browser_connector.html 472,818 648,845
rect $class_x_q_toggle_button_connector.html 469,869 650,896
rect $class_x_q_combo_box_connector.html 710,185 878,212
rect $class_x_q_list_box_connector.html 721,236 868,262
