base referer
rect $class_x_q_connector.html 9,261 113,288
rect $class_x_con_cal_table.html 234,58 344,85
rect $class_x_list_q_connector.html 226,109 352,136
rect $class_x_node_browser.html 233,160 345,186
rect $class_x_q_button_connector.html 217,210 361,237
rect $class_x_q_graph_dialog_connector.html 198,261 380,288
rect $class_x_q_pulser_driver_connector.html 200,312 378,338
rect $class_x_raw_stream_record_reader_connector.html 162,362 416,389
rect $class_x_ruby_thread_connector.html 205,413 373,440
rect $class_x_value_q_connector.html 220,514 358,541
rect $class_x_driver_list_connector.html 492,8 644,34
rect $class_x_entry_list_connector.html 494,58 641,85
rect $class_x_graph_list_connector.html 492,109 644,136
rect $class_x_interface_list_connector.html 484,160 652,186
rect $class_x_item_q_connector.html 502,210 633,237
rect $class_x_k_color_button_connector.html 481,261 654,288
rect $class_x_k_color_combo_connector.html 478,312 657,338
rect $class_x_k_double_num_input_connector.html 465,362 670,389
rect $class_x_k_double_spin_box_connector.html 469,413 666,440
rect $class_x_k_int_num_input_connector.html 478,464 657,490
rect $class_x_k_led_connector.html 505,514 630,541
rect $class_x_k_u_r_l_req_connector.html 490,565 645,592
rect $class_x_q_label_connector.html 498,616 637,642
rect $class_x_q_l_c_d_number_connector.html 478,666 657,693
rect $class_x_q_line_edit_connector.html 490,717 645,744
rect $class_x_q_spin_box_connector.html 490,768 645,794
rect $class_x_q_text_browser_connector.html 478,818 657,845
rect $class_x_q_toggle_button_connector.html 476,869 660,896
rect $class_x_q_combo_box_connector.html 720,185 890,212
rect $class_x_q_list_box_connector.html 730,236 880,262
