<area shape="rect" id="node2" href="$d1/d8a/class_x_value_node_base.html" title="Base class containing values." alt="" coords="2455,207,2585,236">
<area shape="rect" id="node4" href="$dd/d83/class_x_node.html" title="XNode" alt="" coords="2227,145,2291,175">
<area shape="rect" id="node6" href="$d6/dbd/class_x_talker.html" title="XTalker\&lt; shared_ptr\&lt; XNode \&gt; \&gt;" alt="" coords="1733,131,1973,160">
<area shape="rect" id="node21" href="$d6/dbd/class_x_talker.html" title="XTalker\&lt; tArg \&gt;" alt="" coords="1285,220,1411,249">
<area shape="rect" id="node31" href="$d6/dbd/class_x_talker.html" title="XTalker\&lt; shared_ptr\&lt; XValueNodeBase \&gt; \&gt;" alt="" coords="1700,237,2007,267">
<area shape="rect" id="node12" href="$da/dad/classatomic__shared__ptr.html" title="atomic_shared_ptr\&lt; bool \&gt;" alt="" coords="292,172,489,201">
<area shape="rect" id="node14" href="$da/dad/classatomic__shared__ptr.html" title="atomic_shared_ptr\&lt; T \&gt;" alt="" coords="5,205,184,235">
<area shape="rect" id="node18" href="$da/dad/classatomic__shared__ptr.html" title="atomic_shared_ptr\&lt; ListenerList \&gt;" alt="" coords="919,247,1161,276">
<area shape="rect" id="node39" href="$d2/db1/class_x_recursive_mutex.html" title="recursive mutex." alt="" coords="2455,275,2585,304">
<area shape="rect" id="node41" href="$d1/d2b/class_x_pthread_mutex.html" title="XPthreadMutex" alt="" coords="2199,291,2319,320">
